[     978ms] [LOG] RENDER @ https://www.tesla.com/modules/custom/tesla_mega_menu/dist/7.0.0/header.bundle.js:1
[     984ms] [LOG] RENDER @ https://www.tesla.com/modules/custom/tesla_mega_menu/dist/7.0.0/header.bundle.js:1
[    1053ms] [LOG] RENDER @ https://www.tesla.com/modules/custom/tesla_mega_menu/dist/7.0.0/header.bundle.js:1
[    1053ms] [INFO] Location script loaded @ https://digitalassets.tesla.com/cua-tesla/raw/upload/Prod/location-script.js:0
[    1056ms] [LOG] RENDER @ https://www.tesla.com/modules/custom/tesla_mega_menu/dist/7.0.0/header.bundle.js:1
[    1072ms] [LOG] undefined @ :0
[    1076ms] [LOG] {timestamp: 1789641326221} @ :2
[    1078ms] [LOG] form loaded @ :0
[    1136ms] [LOG] form loaded @ :0
[    1139ms] [LOG] form loaded @ :0
[    1141ms] [LOG] form loaded @ :0
[    1213ms] [LOG] form loaded @ :0
[    1230ms] [LOG] form loaded @ :0
[    1403ms] [LOG] form loaded @ :0
[    1404ms] [LOG] form loaded @ :0
[    1404ms] [LOG] form loaded @ :0
[    2037ms] [LOG] form loaded @ :0
[    2041ms] [LOG] form loaded @ :0
[  301383ms] [LOG] form loaded @ :0
[  301386ms] [LOG] form loaded @ :0
[  301388ms] [LOG] form loaded @ :0
