[    1742ms] [WARNING] Element with id: savedSearchList not found @ https://static.licdn.com/aero-v1/sc/h/agkeu3bmqcc73f9vuvto4zcdl:1
[    1742ms] [WARNING] Element with id: savedSearchUrl not found @ https://static.licdn.com/aero-v1/sc/h/agkeu3bmqcc73f9vuvto4zcdl:1
[    1743ms] [WARNING] Element with id: isMergeSignInSignUpV2Enabled not found @ https://static.licdn.com/aero-v1/sc/h/agkeu3bmqcc73f9vuvto4zcdl:1
[    1743ms] [WARNING] Element with id: mergeSignInSignUpLixValue not found @ https://static.licdn.com/aero-v1/sc/h/agkeu3bmqcc73f9vuvto4zcdl:1
[    1743ms] [WARNING] No outlet was found with a data-modal attribute equal to the provided dataCustomOutlet param base-contextual-sign-in-modal @ https://static.licdn.com/aero-v1/sc/h/agkeu3bmqcc73f9vuvto4zcdl:1
[    1745ms] [WARNING] elementToFocus not provided and the dropdown container is not focusable. Consider adding tabindex="-1" to: JSHandle@node @ https://static.licdn.com/aero-v1/sc/h/agkeu3bmqcc73f9vuvto4zcdl:1
[    1811ms] [WARNING] [GSI_LOGGER]: Your client application may not display the Google One Tap in its default position. When FedCM becomes mandatory, One Tap only displays in the default position. Refer to the migration guide to update your code accordingly and opt-in to FedCM to test your changes. Learn more: https://developers.google.com/identity/gsi/web/guides/fedcm-migration?s=dc#layout @ https://static.licdn.com/aero-v1/sc/h/29rdkxlvag0d3cpj96fiilbju:168
[    1811ms] [WARNING] [GSI_LOGGER]: Your client application uses one of the Google One Tap prompt UI status methods that may stop functioning when FedCM becomes mandatory. Refer to the migration guide to update your code accordingly and opt-in to FedCM to test your changes. Learn more: https://developers.google.com/identity/gsi/web/guides/fedcm-migration?s=dc#display_moment and https://developers.google.com/identity/gsi/web/guides/fedcm-migration?s=dc#skipped_moment @ https://static.licdn.com/aero-v1/sc/h/29rdkxlvag0d3cpj96fiilbju:168
[    1812ms] [WARNING] [GSI_LOGGER]: Currently, you disable FedCM on Google One Tap. FedCM for One Tap will become mandatory starting Oct 2024, and you won’t be able to disable it. Refer to the migration guide to update your code accordingly to ensure users will not be blocked from logging in. Learn more: https://developers.google.com/identity/gsi/web/guides/fedcm-migration @ https://static.licdn.com/aero-v1/sc/h/29rdkxlvag0d3cpj96fiilbju:168
[    2012ms] Uncaught (in promise) TypeError: Cannot read properties of null (reading 'addEventListener')
    at Mf (https://static.licdn.com/aero-v1/sc/h/agkeu3bmqcc73f9vuvto4zcdl:1:429349)
    at <anonymous> (https://static.licdn.com/aero-v1/sc/h/agkeu3bmqcc73f9vuvto4zcdl:1:1588358)
    at _initContextualSignInModals (https://static.licdn.com/aero-v1/sc/h/agkeu3bmqcc73f9vuvto4zcdl:1:1588347)
    at <anonymous> (https://static.licdn.com/aero-v1/sc/h/agkeu3bmqcc73f9vuvto4zcdl:1:1589467)
[  127198ms] [ERROR] Failed to load resource: the server responded with a status of 520 () @ https://www.linkedin.com/li/track:0
[  185052ms] [ERROR] Failed to load resource: the server responded with a status of 520 () @ https://www.linkedin.com/li/track:0
[  479108ms] [ERROR] Failed to load resource: the server responded with a status of 520 () @ https://www.linkedin.com/li/track:0
[  593297ms] [ERROR] Failed to load resource: the server responded with a status of 502 () @ https://www.linkedin.com/li/track:0
[  657475ms] [ERROR] Failed to load resource: the server responded with a status of 520 () @ https://www.linkedin.com/li/track:0
[  773851ms] [ERROR] Failed to load resource: the server responded with a status of 520 () @ https://www.linkedin.com/li/track:0
[  929070ms] [ERROR] Failed to load resource: the server responded with a status of 502 () @ https://www.linkedin.com/li/track:0
[  973330ms] [ERROR] Failed to load resource: the server responded with a status of 520 () @ https://www.linkedin.com/li/track:0
[ 1129235ms] [ERROR] Failed to load resource: the server responded with a status of 520 () @ https://www.linkedin.com/li/track:0
[ 1131801ms] [ERROR] Failed to load resource: the server responded with a status of 520 () @ https://www.linkedin.com/li/track:0
[ 1251493ms] [ERROR] Failed to load resource: the server responded with a status of 520 () @ https://www.linkedin.com/li/track:0
[ 1357000ms] [ERROR] Failed to load resource: the server responded with a status of 520 () @ https://www.linkedin.com/li/track:0
[ 1376244ms] [ERROR] Failed to load resource: the server responded with a status of 502 () @ https://www.linkedin.com/li/track:0
[ 1555633ms] [ERROR] Failed to load resource: the server responded with a status of 502 () @ https://www.linkedin.com/li/track:0
[ 1612795ms] [ERROR] Failed to load resource: the server responded with a status of 502 () @ https://www.linkedin.com/li/track:0
[ 1617814ms] [ERROR] Failed to load resource: the server responded with a status of 520 () @ https://www.linkedin.com/li/track:0
[ 1619350ms] [ERROR] Failed to load resource: the server responded with a status of 520 () @ https://www.linkedin.com/li/track:0
[ 1693015ms] [ERROR] Failed to load resource: the server responded with a status of 502 () @ https://www.linkedin.com/li/track:0
[ 1734745ms] [ERROR] Failed to load resource: the server responded with a status of 502 () @ https://www.linkedin.com/li/track:0
[ 1747836ms] [ERROR] Failed to load resource: the server responded with a status of 520 () @ https://www.linkedin.com/li/track:0
[ 1781303ms] [ERROR] Failed to load resource: the server responded with a status of 502 () @ https://www.linkedin.com/li/track:0
[ 1795787ms] [ERROR] Failed to load resource: the server responded with a status of 502 () @ https://www.linkedin.com/li/track:0
[ 1821822ms] [ERROR] Failed to load resource: the server responded with a status of 520 () @ https://www.linkedin.com/li/track:0
[ 1944477ms] [ERROR] Failed to load resource: the server responded with a status of 502 () @ https://www.linkedin.com/li/track:0
[ 2033667ms] [ERROR] Failed to load resource: the server responded with a status of 520 () @ https://www.linkedin.com/li/track:0
[ 2090401ms] [ERROR] Failed to load resource: the server responded with a status of 502 () @ https://www.linkedin.com/li/track:0
[ 2187253ms] [ERROR] Failed to load resource: the server responded with a status of 520 () @ https://www.linkedin.com/li/track:0
[ 2345409ms] [ERROR] Failed to load resource: the server responded with a status of 502 () @ https://www.linkedin.com/li/track:0
[ 2463552ms] [ERROR] Failed to load resource: the server responded with a status of 520 () @ https://www.linkedin.com/li/track:0
[ 2523888ms] [ERROR] Failed to load resource: the server responded with a status of 520 () @ https://www.linkedin.com/li/track:0
[ 2535335ms] [ERROR] Failed to load resource: the server responded with a status of 520 () @ https://www.linkedin.com/li/track:0
[ 2561550ms] [ERROR] Failed to load resource: the server responded with a status of 520 () @ https://www.linkedin.com/li/track:0
[ 2639690ms] [ERROR] Failed to load resource: the server responded with a status of 520 () @ https://www.linkedin.com/li/track:0
[ 2665489ms] [ERROR] Failed to load resource: the server responded with a status of 520 () @ https://www.linkedin.com/li/track:0
[ 2822572ms] [ERROR] Failed to load resource: the server responded with a status of 502 () @ https://www.linkedin.com/li/track:0
[ 2889607ms] [ERROR] Failed to load resource: the server responded with a status of 502 () @ https://www.linkedin.com/li/track:0
[ 2891450ms] [ERROR] Failed to load resource: the server responded with a status of 520 () @ https://www.linkedin.com/li/track:0
[ 2928660ms] [ERROR] Failed to load resource: the server responded with a status of 502 () @ https://www.linkedin.com/li/track:0
[ 2951887ms] [ERROR] Failed to load resource: the server responded with a status of 520 () @ https://www.linkedin.com/li/track:0
[ 3085742ms] [ERROR] Failed to load resource: the server responded with a status of 502 () @ https://www.linkedin.com/li/track:0
[ 3187633ms] [ERROR] Failed to load resource: the server responded with a status of 520 () @ https://www.linkedin.com/li/track:0
[ 3400871ms] [ERROR] Failed to load resource: the server responded with a status of 502 () @ https://www.linkedin.com/li/track:0
[ 3639451ms] [ERROR] Failed to load resource: the server responded with a status of 502 () @ https://www.linkedin.com/li/track:0
[ 3792165ms] [ERROR] Failed to load resource: the server responded with a status of 502 () @ https://www.linkedin.com/li/track:0
[ 4177627ms] [ERROR] Failed to load resource: the server responded with a status of 502 () @ https://www.linkedin.com/li/track:0
[ 4231421ms] [ERROR] Failed to load resource: the server responded with a status of 520 () @ https://www.linkedin.com/li/track:0
[ 4299519ms] [ERROR] Failed to load resource: the server responded with a status of 520 () @ https://www.linkedin.com/li/track:0
[ 4323505ms] [ERROR] Failed to load resource: the server responded with a status of 520 () @ https://www.linkedin.com/li/track:0
[ 4325732ms] [ERROR] Failed to load resource: the server responded with a status of 520 () @ https://www.linkedin.com/li/track:0
[ 4334639ms] [ERROR] Failed to load resource: the server responded with a status of 502 () @ https://www.linkedin.com/li/track:0
[ 4418916ms] [ERROR] Failed to load resource: the server responded with a status of 502 () @ https://www.linkedin.com/li/track:0
[ 4487347ms] [ERROR] Failed to load resource: the server responded with a status of 520 () @ https://www.linkedin.com/li/track:0
[ 4654461ms] [ERROR] Failed to load resource: the server responded with a status of 502 () @ https://www.linkedin.com/li/track:0
[ 5093110ms] [ERROR] Failed to load resource: the server responded with a status of 520 () @ https://www.linkedin.com/li/track:0
[ 5143047ms] [ERROR] Failed to load resource: the server responded with a status of 502 () @ https://www.linkedin.com/li/track:0
[ 5187757ms] [ERROR] Failed to load resource: the server responded with a status of 520 () @ https://www.linkedin.com/li/track:0
[ 5211699ms] [ERROR] Failed to load resource: the server responded with a status of 502 () @ https://www.linkedin.com/li/track:0
[ 5295252ms] [ERROR] Failed to load resource: the server responded with a status of 520 () @ https://www.linkedin.com/li/track:0
[ 5313218ms] [ERROR] Failed to load resource: the server responded with a status of 520 () @ https://www.linkedin.com/li/track:0
[ 5381496ms] [ERROR] Failed to load resource: the server responded with a status of 520 () @ https://www.linkedin.com/li/track:0
[ 5405332ms] [ERROR] Failed to load resource: the server responded with a status of 520 () @ https://www.linkedin.com/li/track:0
[ 5421209ms] [ERROR] Failed to load resource: the server responded with a status of 520 () @ https://www.linkedin.com/li/track:0
[ 5497341ms] [ERROR] Failed to load resource: the server responded with a status of 520 () @ https://www.linkedin.com/li/track:0
[ 5511215ms] [ERROR] Failed to load resource: the server responded with a status of 520 () @ https://www.linkedin.com/li/track:0
[ 5522582ms] [ERROR] Failed to load resource: the server responded with a status of 502 () @ https://www.linkedin.com/li/track:0
[ 5756992ms] [ERROR] Failed to load resource: the server responded with a status of 502 () @ https://www.linkedin.com/li/track:0
[ 5825347ms] [ERROR] Failed to load resource: the server responded with a status of 520 () @ https://www.linkedin.com/li/track:0
[ 5883800ms] [ERROR] Failed to load resource: the server responded with a status of 520 () @ https://www.linkedin.com/li/track:0
[ 5947482ms] [ERROR] Failed to load resource: the server responded with a status of 520 () @ https://www.linkedin.com/li/track:0
[ 6165325ms] [ERROR] Failed to load resource: the server responded with a status of 520 () @ https://www.linkedin.com/li/track:0
[ 6326889ms] [ERROR] Failed to load resource: the server responded with a status of 520 () @ https://www.linkedin.com/li/track:0
[ 6367808ms] [ERROR] Failed to load resource: the server responded with a status of 520 () @ https://www.linkedin.com/li/track:0
[ 6443582ms] [ERROR] Failed to load resource: the server responded with a status of 520 () @ https://www.linkedin.com/li/track:0
[ 6649096ms] [ERROR] Failed to load resource: the server responded with a status of 502 () @ https://www.linkedin.com/li/track:0
[ 6720834ms] [ERROR] Failed to load resource: the server responded with a status of 502 () @ https://www.linkedin.com/li/track:0
[ 6733785ms] [ERROR] Failed to load resource: the server responded with a status of 520 () @ https://www.linkedin.com/li/track:0
[ 6801125ms] [ERROR] Failed to load resource: the server responded with a status of 520 () @ https://www.linkedin.com/li/track:0
[ 6885748ms] [ERROR] Failed to load resource: the server responded with a status of 520 () @ https://www.linkedin.com/li/track:0
[ 6957039ms] [ERROR] Failed to load resource: the server responded with a status of 520 () @ https://www.linkedin.com/li/track:0
[ 7082952ms] [ERROR] Failed to load resource: the server responded with a status of 520 () @ https://www.linkedin.com/li/track:0
[ 7091460ms] [ERROR] Failed to load resource: the server responded with a status of 520 () @ https://www.linkedin.com/li/track:0
[ 7113806ms] [ERROR] Failed to load resource: the server responded with a status of 520 () @ https://www.linkedin.com/li/track:0
[ 7129116ms] [ERROR] Failed to load resource: the server responded with a status of 520 () @ https://www.linkedin.com/li/track:0
[ 7143338ms] [ERROR] Failed to load resource: the server responded with a status of 520 () @ https://www.linkedin.com/li/track:0
[ 7241037ms] [ERROR] Failed to load resource: the server responded with a status of 520 () @ https://www.linkedin.com/li/track:0
[ 7403009ms] [ERROR] Failed to load resource: the server responded with a status of 520 () @ https://www.linkedin.com/li/track:0
[ 7486768ms] [ERROR] Failed to load resource: the server responded with a status of 502 () @ https://www.linkedin.com/li/track:0
[ 7677285ms] [ERROR] Failed to load resource: the server responded with a status of 520 () @ https://www.linkedin.com/li/track:0
[ 7796848ms] [ERROR] Failed to load resource: the server responded with a status of 520 () @ https://www.linkedin.com/li/track:0
[ 7861605ms] [ERROR] Failed to load resource: the server responded with a status of 520 () @ https://www.linkedin.com/li/track:0
[ 7993740ms] [ERROR] Failed to load resource: the server responded with a status of 502 () @ https://www.linkedin.com/li/track:0
[ 8275448ms] [ERROR] Failed to load resource: the server responded with a status of 520 () @ https://www.linkedin.com/li/track:0
[ 8405618ms] [ERROR] Failed to load resource: the server responded with a status of 520 () @ https://www.linkedin.com/li/track:0
