[    7145ms] [LOG] [UTMLinks] DOM still loading, deferring init until DOMContentLoaded @ https://www.recall.ai/careers?_live_review=1789396350012:1015
[    7162ms] [WARNING] [Termly] Your Termly CMP script is outdated. Please see %s for update instructions. https://support.termly.io/en/articles/8952694-termly-cmp-embed-script-versions @ https://app.termly.io/embed.min.js:171
[    7163ms] [WARNING] [Termly] Termly ResourceBlocker is not the first script on the page. You might not be blocking unapproved content. @ https://app.termly.io/embed.min.js:171
[    7166ms] [LOG] [UTMLinks] Initialized. Current URL: https://www.recall.ai/careers?_live_review=1789396350012 @ https://www.recall.ai/careers?_live_review=1789396350012:1015
[    7166ms] [LOG] [UTMLinks] UTM params found: {_live_review: 1789396350012} @ https://www.recall.ai/careers?_live_review=1789396350012:1015
[    7166ms] [LOG] [UTMLinks] processLinks: found 94 links in container document @ https://www.recall.ai/careers?_live_review=1789396350012:1015
[    7166ms] [LOG] [UTMLinks] Updated link: https://www.recall.ai/blog/recall-ai-series-b-the-api-for-meeting-recording -> https://www.recall.ai/blog/recall-ai-series-b-the-api-for-meeting-recording?_live_review=1789396350012 @ https://www.recall.ai/careers?_live_review=1789396350012:1015
[    7166ms] [LOG] [UTMLinks] Updated link: / -> https://www.recall.ai/?_live_review=1789396350012 @ https://www.recall.ai/careers?_live_review=1789396350012:1015
[    7166ms] [LOG] [UTMLinks] Updated link: /customers -> https://www.recall.ai/customers?_live_review=1789396350012 @ https://www.recall.ai/careers?_live_review=1789396350012:1015
[    7166ms] [LOG] [UTMLinks] Updated link: https://docs.recall.ai/?utm_source=Recall.ai&utm_medium=navbar&utm_content=API_Docs -> https://docs.recall.ai/?utm_source=Recall.ai&utm_medium=navbar&utm_content=API_Docs&_live_review=1789396350012 @ https://www.recall.ai/careers?_live_review=1789396350012:1015
[    7166ms] [LOG] [UTMLinks] Updated link: /pricing -> https://www.recall.ai/pricing?_live_review=1789396350012 @ https://www.recall.ai/careers?_live_review=1789396350012:1015
[    7166ms] [LOG] [UTMLinks] Updated link: /blog -> https://www.recall.ai/blog?_live_review=1789396350012 @ https://www.recall.ai/careers?_live_review=1789396350012:1015
[    7167ms] [LOG] [UTMLinks] Updated link: /login -> https://www.recall.ai/login?_live_review=1789396350012 @ https://www.recall.ai/careers?_live_review=1789396350012:1015
[    7167ms] [LOG] [UTMLinks] Updated link: /signup -> https://www.recall.ai/signup?_live_review=1789396350012 @ https://www.recall.ai/careers?_live_review=1789396350012:1015
[    7167ms] [LOG] [UTMLinks] Updated link: /product/meeting-bot-api -> https://www.recall.ai/product/meeting-bot-api?_live_review=1789396350012 @ https://www.recall.ai/careers?_live_review=1789396350012:1015
[    7167ms] [LOG] [UTMLinks] Updated link: /product/meeting-bot-api -> https://www.recall.ai/product/meeting-bot-api?_live_review=1789396350012 @ https://www.recall.ai/careers?_live_review=1789396350012:1015
[    7167ms] [LOG] [UTMLinks] Updated link: /product/desktop-recording-sdk -> https://www.recall.ai/product/desktop-recording-sdk?_live_review=1789396350012 @ https://www.recall.ai/careers?_live_review=1789396350012:1015
[    7167ms] [LOG] [UTMLinks] Updated link: /product/desktop-recording-sdk -> https://www.recall.ai/product/desktop-recording-sdk?_live_review=1789396350012 @ https://www.recall.ai/careers?_live_review=1789396350012:1015
[    7167ms] [LOG] [UTMLinks] Updated link: /product/calendar-integration-api -> https://www.recall.ai/product/calendar-integration-api?_live_review=1789396350012 @ https://www.recall.ai/careers?_live_review=1789396350012:1015
[    7167ms] [LOG] [UTMLinks] Updated link: /product/calendar-integration-api -> https://www.recall.ai/product/calendar-integration-api?_live_review=1789396350012 @ https://www.recall.ai/careers?_live_review=1789396350012:1015
[    7167ms] [LOG] [UTMLinks] Updated link: /product/mobile-recording-sdk -> https://www.recall.ai/product/mobile-recording-sdk?_live_review=1789396350012 @ https://www.recall.ai/careers?_live_review=1789396350012:1015
[    7167ms] [LOG] [UTMLinks] Updated link: /product/mobile-recording-sdk -> https://www.recall.ai/product/mobile-recording-sdk?_live_review=1789396350012 @ https://www.recall.ai/careers?_live_review=1789396350012:1015
[    7167ms] [LOG] [UTMLinks] Updated link: /products -> https://www.recall.ai/products?_live_review=1789396350012 @ https://www.recall.ai/careers?_live_review=1789396350012:1015
[    7167ms] [LOG] [UTMLinks] Updated link: /products -> https://www.recall.ai/products?_live_review=1789396350012 @ https://www.recall.ai/careers?_live_review=1789396350012:1015
[    7167ms] [LOG] [UTMLinks] Updated link: /products -> https://www.recall.ai/products?_live_review=1789396350012 @ https://www.recall.ai/careers?_live_review=1789396350012:1015
[    7167ms] [LOG] [UTMLinks] Updated link: /customers -> https://www.recall.ai/customers?_live_review=1789396350012 @ https://www.recall.ai/careers?_live_review=1789396350012:1015
[    7167ms] [LOG] [UTMLinks] Updated link: https://docs.recall.ai/docs/getting-started?utm_source=Recall.ai&utm_medium=navbar&utm_content=API_Docs -> https://docs.recall.ai/docs/getting-started?utm_source=Recall.ai&utm_medium=navbar&utm_content=API_Docs&_live_review=1789396350012 @ https://www.recall.ai/careers?_live_review=1789396350012:1015
[    7167ms] [LOG] [UTMLinks] Updated link: /pricing -> https://www.recall.ai/pricing?_live_review=1789396350012 @ https://www.recall.ai/careers?_live_review=1789396350012:1015
[    7167ms] [LOG] [UTMLinks] Updated link: /blog -> https://www.recall.ai/blog?_live_review=1789396350012 @ https://www.recall.ai/careers?_live_review=1789396350012:1015
[    7167ms] [LOG] [UTMLinks] Updated link: /login -> https://www.recall.ai/login?_live_review=1789396350012 @ https://www.recall.ai/careers?_live_review=1789396350012:1015
[    7167ms] [LOG] [UTMLinks] Updated link: /signup -> https://www.recall.ai/signup?_live_review=1789396350012 @ https://www.recall.ai/careers?_live_review=1789396350012:1015
[    7167ms] [LOG] [UTMLinks] Updated link: /signup -> https://www.recall.ai/signup?_live_review=1789396350012 @ https://www.recall.ai/careers?_live_review=1789396350012:1015
[    7167ms] [LOG] [UTMLinks] Updated link: https://www.recall.ai/book-a-demo -> https://www.recall.ai/book-a-demo?_live_review=1789396350012 @ https://www.recall.ai/careers?_live_review=1789396350012:1015
[    7167ms] [LOG] [UTMLinks] Updated link: /product/meeting-bot-api/google-meet -> https://www.recall.ai/product/meeting-bot-api/google-meet?_live_review=1789396350012 @ https://www.recall.ai/careers?_live_review=1789396350012:1015
[    7167ms] [LOG] [UTMLinks] Updated link: /product/meeting-bot-api/microsoft-teams -> https://www.recall.ai/product/meeting-bot-api/microsoft-teams?_live_review=1789396350012 @ https://www.recall.ai/careers?_live_review=1789396350012:1015
[    7167ms] [LOG] [UTMLinks] Updated link: /product/meeting-bot-api/zoom -> https://www.recall.ai/product/meeting-bot-api/zoom?_live_review=1789396350012 @ https://www.recall.ai/careers?_live_review=1789396350012:1015
[    7167ms] [LOG] [UTMLinks] Updated link: /product/slack-huddles-api -> https://www.recall.ai/product/slack-huddles-api?_live_review=1789396350012 @ https://www.recall.ai/careers?_live_review=1789396350012:1015
[    7167ms] [LOG] [UTMLinks] Updated link: https://docs.recall.ai/docs/webex -> https://docs.recall.ai/docs/webex?_live_review=1789396350012 @ https://www.recall.ai/careers?_live_review=1789396350012:1015
[    7167ms] [LOG] [UTMLinks] Updated link: https://docs.recall.ai/docs/go-to-meeting-overview -> https://docs.recall.ai/docs/go-to-meeting-overview?_live_review=1789396350012 @ https://www.recall.ai/careers?_live_review=1789396350012:1015
[    7167ms] [LOG] [UTMLinks] Updated link: /product/meeting-bot-api -> https://www.recall.ai/product/meeting-bot-api?_live_review=1789396350012 @ https://www.recall.ai/careers?_live_review=1789396350012:1015
[    7167ms] [LOG] [UTMLinks] Updated link: /product/mobile-recording-sdk -> https://www.recall.ai/product/mobile-recording-sdk?_live_review=1789396350012 @ https://www.recall.ai/careers?_live_review=1789396350012:1015
[    7167ms] [LOG] [UTMLinks] Updated link: /product/desktop-recording-sdk -> https://www.recall.ai/product/desktop-recording-sdk?_live_review=1789396350012 @ https://www.recall.ai/careers?_live_review=1789396350012:1015
[    7167ms] [LOG] [UTMLinks] Updated link: / -> https://www.recall.ai/?_live_review=1789396350012 @ https://www.recall.ai/careers?_live_review=1789396350012:1015
[    7167ms] [LOG] [UTMLinks] Updated link: /signup -> https://www.recall.ai/signup?_live_review=1789396350012 @ https://www.recall.ai/careers?_live_review=1789396350012:1015
[    7167ms] [LOG] [UTMLinks] Updated link: /product/meeting-bot-api -> https://www.recall.ai/product/meeting-bot-api?_live_review=1789396350012 @ https://www.recall.ai/careers?_live_review=1789396350012:1015
[    7167ms] [LOG] [UTMLinks] Updated link: /product/desktop-recording-sdk -> https://www.recall.ai/product/desktop-recording-sdk?_live_review=1789396350012 @ https://www.recall.ai/careers?_live_review=1789396350012:1015
[    7167ms] [LOG] [UTMLinks] Updated link: /product/mobile-recording-sdk -> https://www.recall.ai/product/mobile-recording-sdk?_live_review=1789396350012 @ https://www.recall.ai/careers?_live_review=1789396350012:1015
[    7167ms] [LOG] [UTMLinks] Updated link: /product/calendar-integration-api -> https://www.recall.ai/product/calendar-integration-api?_live_review=1789396350012 @ https://www.recall.ai/careers?_live_review=1789396350012:1015
[    7167ms] [LOG] [UTMLinks] Updated link: https://docs.recall.ai/docs/storage-and-playback -> https://docs.recall.ai/docs/storage-and-playback?_live_review=1789396350012 @ https://www.recall.ai/careers?_live_review=1789396350012:1015
[    7167ms] [LOG] [UTMLinks] Updated link: https://www.recall.ai/customers/clickup -> https://www.recall.ai/customers/clickup?_live_review=1789396350012 @ https://www.recall.ai/careers?_live_review=1789396350012:1015
[    7167ms] [LOG] [UTMLinks] Updated link: https://www.recall.ai/customers/apollo -> https://www.recall.ai/customers/apollo?_live_review=1789396350012 @ https://www.recall.ai/careers?_live_review=1789396350012:1015
[    7167ms] [LOG] [UTMLinks] Updated link: https://www.recall.ai/customers/incident-io -> https://www.recall.ai/customers/incident-io?_live_review=1789396350012 @ https://www.recall.ai/careers?_live_review=1789396350012:1015
[    7167ms] [LOG] [UTMLinks] Updated link: https://www.recall.ai/customers/brighthire -> https://www.recall.ai/customers/brighthire?_live_review=1789396350012 @ https://www.recall.ai/careers?_live_review=1789396350012:1015
[    7167ms] [LOG] [UTMLinks] Updated link: https://security.recall.ai/ -> https://security.recall.ai/?_live_review=1789396350012 @ https://www.recall.ai/careers?_live_review=1789396350012:1015
[    7167ms] [LOG] [UTMLinks] Updated link: https://security.recall.ai/resources?s=6yae1gt76airvvh39f2vbh&name=soc-2-type-2-report -> https://security.recall.ai/resources?s=6yae1gt76airvvh39f2vbh&name=soc-2-type-2-report&_live_review=1789396350012 @ https://www.recall.ai/careers?_live_review=1789396350012:1015
[    7167ms] [LOG] [UTMLinks] Updated link: https://security.recall.ai/resources?s=e9egniy1sgrydeihajcmv&name=isms-certificate -> https://security.recall.ai/resources?s=e9egniy1sgrydeihajcmv&name=isms-certificate&_live_review=1789396350012 @ https://www.recall.ai/careers?_live_review=1789396350012:1015
[    7167ms] [LOG] [UTMLinks] Updated link: https://security.recall.ai/ -> https://security.recall.ai/?_live_review=1789396350012 @ https://www.recall.ai/careers?_live_review=1789396350012:1015
[    7167ms] [LOG] [UTMLinks] Updated link: https://security.recall.ai/ -> https://security.recall.ai/?_live_review=1789396350012 @ https://www.recall.ai/careers?_live_review=1789396350012:1015
[    7167ms] [LOG] [UTMLinks] Updated link: https://security.recall.ai/ -> https://security.recall.ai/?_live_review=1789396350012 @ https://www.recall.ai/careers?_live_review=1789396350012:1015
[    7167ms] [LOG] [UTMLinks] Updated link: /solutions/ai-notetaker -> https://www.recall.ai/solutions/ai-notetaker?_live_review=1789396350012 @ https://www.recall.ai/careers?_live_review=1789396350012:1015
[    7167ms] [LOG] [UTMLinks] Updated link: /solutions/financial-advisors -> https://www.recall.ai/solutions/financial-advisors?_live_review=1789396350012 @ https://www.recall.ai/careers?_live_review=1789396350012:1015
[    7168ms] [LOG] [UTMLinks] Updated link: /solutions/hr -> https://www.recall.ai/solutions/hr?_live_review=1789396350012 @ https://www.recall.ai/careers?_live_review=1789396350012:1015
[    7168ms] [LOG] [UTMLinks] Updated link: /solutions/recruiting -> https://www.recall.ai/solutions/recruiting?_live_review=1789396350012 @ https://www.recall.ai/careers?_live_review=1789396350012:1015
[    7168ms] [LOG] [UTMLinks] Updated link: /solutions/sales -> https://www.recall.ai/solutions/sales?_live_review=1789396350012 @ https://www.recall.ai/careers?_live_review=1789396350012:1015
[    7168ms] [LOG] [UTMLinks] Updated link: /solutions/healthcare -> https://www.recall.ai/solutions/healthcare?_live_review=1789396350012 @ https://www.recall.ai/careers?_live_review=1789396350012:1015
[    7168ms] [LOG] [UTMLinks] Updated link: /solutions/project-management -> https://www.recall.ai/solutions/project-management?_live_review=1789396350012 @ https://www.recall.ai/careers?_live_review=1789396350012:1015
[    7168ms] [LOG] [UTMLinks] Updated link: /solutions/legal-tech -> https://www.recall.ai/solutions/legal-tech?_live_review=1789396350012 @ https://www.recall.ai/careers?_live_review=1789396350012:1015
[    7168ms] [LOG] [UTMLinks] Updated link: https://docs.recall.ai/ -> https://docs.recall.ai/?_live_review=1789396350012 @ https://www.recall.ai/careers?_live_review=1789396350012:1015
[    7168ms] [LOG] [UTMLinks] Updated link: /pricing -> https://www.recall.ai/pricing?_live_review=1789396350012 @ https://www.recall.ai/careers?_live_review=1789396350012:1015
[    7168ms] [LOG] [UTMLinks] Updated link: /startups -> https://www.recall.ai/startups?_live_review=1789396350012 @ https://www.recall.ai/careers?_live_review=1789396350012:1015
[    7168ms] [LOG] [UTMLinks] Updated link: /product/notetaker-api -> https://www.recall.ai/product/notetaker-api?_live_review=1789396350012 @ https://www.recall.ai/careers?_live_review=1789396350012:1015
[    7168ms] [LOG] [UTMLinks] Updated link: /product/meeting-recording-api -> https://www.recall.ai/product/meeting-recording-api?_live_review=1789396350012 @ https://www.recall.ai/careers?_live_review=1789396350012:1015
[    7168ms] [LOG] [UTMLinks] Updated link: /product/meeting-transcription-api -> https://www.recall.ai/product/meeting-transcription-api?_live_review=1789396350012 @ https://www.recall.ai/careers?_live_review=1789396350012:1015
[    7168ms] [LOG] [UTMLinks] Updated link: /product/compliance-recording-api -> https://www.recall.ai/product/compliance-recording-api?_live_review=1789396350012 @ https://www.recall.ai/careers?_live_review=1789396350012:1015
[    7168ms] [LOG] [UTMLinks] Updated link: /product/speaker-diarization-api -> https://www.recall.ai/product/speaker-diarization-api?_live_review=1789396350012 @ https://www.recall.ai/careers?_live_review=1789396350012:1015
[    7168ms] [LOG] [UTMLinks] Updated link: /product/slack-huddles-api -> https://www.recall.ai/product/slack-huddles-api?_live_review=1789396350012 @ https://www.recall.ai/careers?_live_review=1789396350012:1015
[    7168ms] [LOG] [UTMLinks] Updated link: /product/conversational-agent-api -> https://www.recall.ai/product/conversational-agent-api?_live_review=1789396350012 @ https://www.recall.ai/careers?_live_review=1789396350012:1015
[    7168ms] [LOG] [UTMLinks] Updated link: /product/ai-agent-api -> https://www.recall.ai/product/ai-agent-api?_live_review=1789396350012 @ https://www.recall.ai/careers?_live_review=1789396350012:1015
[    7168ms] [LOG] [UTMLinks] Updated link: /product/local-recording-api -> https://www.recall.ai/product/local-recording-api?_live_review=1789396350012 @ https://www.recall.ai/careers?_live_review=1789396350012:1015
[    7168ms] [LOG] [UTMLinks] Updated link: /careers -> https://www.recall.ai/careers?_live_review=1789396350012 @ https://www.recall.ai/careers?_live_review=1789396350012:1015
[    7168ms] [LOG] [UTMLinks] Updated link: /blog -> https://www.recall.ai/blog?_live_review=1789396350012 @ https://www.recall.ai/careers?_live_review=1789396350012:1015
[    7168ms] [LOG] [UTMLinks] Updated link: /customersold -> https://www.recall.ai/customersold?_live_review=1789396350012 @ https://www.recall.ai/careers?_live_review=1789396350012:1015
[    7168ms] [LOG] [UTMLinks] Updated link: /terms-of-use -> https://www.recall.ai/terms-of-use?_live_review=1789396350012 @ https://www.recall.ai/careers?_live_review=1789396350012:1015
[    7168ms] [LOG] [UTMLinks] Updated link: /data-processing-agreement -> https://www.recall.ai/data-processing-agreement?_live_review=1789396350012 @ https://www.recall.ai/careers?_live_review=1789396350012:1015
[    7168ms] [LOG] [UTMLinks] Updated link: /privacy -> https://www.recall.ai/privacy?_live_review=1789396350012 @ https://www.recall.ai/careers?_live_review=1789396350012:1015
[    7168ms] [LOG] [UTMLinks] Updated link: /product/meeting-bot-api/google-meet -> https://www.recall.ai/product/meeting-bot-api/google-meet?_live_review=1789396350012 @ https://www.recall.ai/careers?_live_review=1789396350012:1015
[    7168ms] [LOG] [UTMLinks] Updated link: /product/meeting-bot-api/microsoft-teams -> https://www.recall.ai/product/meeting-bot-api/microsoft-teams?_live_review=1789396350012 @ https://www.recall.ai/careers?_live_review=1789396350012:1015
[    7168ms] [LOG] [UTMLinks] Updated link: /product/meeting-bot-api/zoom -> https://www.recall.ai/product/meeting-bot-api/zoom?_live_review=1789396350012 @ https://www.recall.ai/careers?_live_review=1789396350012:1015
[    7168ms] [LOG] [UTMLinks] Updated link: /recall-ai-vs-attendee -> https://www.recall.ai/recall-ai-vs-attendee?_live_review=1789396350012 @ https://www.recall.ai/careers?_live_review=1789396350012:1015
[    7168ms] [LOG] [UTMLinks] Updated link: /recall-ai-vs-meetingbaas -> https://www.recall.ai/recall-ai-vs-meetingbaas?_live_review=1789396350012 @ https://www.recall.ai/careers?_live_review=1789396350012:1015
[    7168ms] [LOG] [UTMLinks] Updated link: /recall-ai-vs-nylas-notetaker -> https://www.recall.ai/recall-ai-vs-nylas-notetaker?_live_review=1789396350012 @ https://www.recall.ai/careers?_live_review=1789396350012:1015
[    7168ms] [LOG] [UTMLinks] Updated link: /recall-ai-vs-skribby -> https://www.recall.ai/recall-ai-vs-skribby?_live_review=1789396350012 @ https://www.recall.ai/careers?_live_review=1789396350012:1015
[    7168ms] [LOG] [UTMLinks] Updated link: /recall-ai-competitors -> https://www.recall.ai/recall-ai-competitors?_live_review=1789396350012 @ https://www.recall.ai/careers?_live_review=1789396350012:1015
[    7168ms] [LOG] [UTMLinks] Updated link: /product/google-meet-recording-api -> https://www.recall.ai/product/google-meet-recording-api?_live_review=1789396350012 @ https://www.recall.ai/careers?_live_review=1789396350012:1015
[    7168ms] [LOG] [UTMLinks] Updated link: /product/microsoft-teams-recording-api -> https://www.recall.ai/product/microsoft-teams-recording-api?_live_review=1789396350012 @ https://www.recall.ai/careers?_live_review=1789396350012:1015
[    7168ms] [LOG] [UTMLinks] Updated link: /product/zoom-recording-api -> https://www.recall.ai/product/zoom-recording-api?_live_review=1789396350012 @ https://www.recall.ai/careers?_live_review=1789396350012:1015
[    7168ms] [LOG] [UTMLinks] Updated link: https://www.recall.ai/blog/how-i-built-a-botless-meeting-recorder-from-scratch -> https://www.recall.ai/blog/how-i-built-a-botless-meeting-recorder-from-scratch?_live_review=1789396350012 @ https://www.recall.ai/careers?_live_review=1789396350012:1015
[    7168ms] [LOG] [UTMLinks] Updated link: /product/google-meet-transcription-api -> https://www.recall.ai/product/google-meet-transcription-api?_live_review=1789396350012 @ https://www.recall.ai/careers?_live_review=1789396350012:1015
[    7168ms] [LOG] [UTMLinks] Updated link: /product/microsoft-teams-transcription-api -> https://www.recall.ai/product/microsoft-teams-transcription-api?_live_review=1789396350012 @ https://www.recall.ai/careers?_live_review=1789396350012:1015
[    7168ms] [LOG] [UTMLinks] Updated link: /product/zoom-transcription-api -> https://www.recall.ai/product/zoom-transcription-api?_live_review=1789396350012 @ https://www.recall.ai/careers?_live_review=1789396350012:1015
[    7168ms] [LOG] [UTMLinks] MutationObserver attached to document.body @ https://www.recall.ai/careers?_live_review=1789396350012:1015
