[    1058ms] [LOG] %c███████████████████ %c█████████████
%c█████████████████   %c█████████████████
%c███████████████     %c██████████████████
%c█████████████       %c███████████████████
%c███████████         %c████████████████████
%c█████████           %c████████████████████
%c███████             %c███████████████████
%c█████               %c███████████████████
%c███                 %c█████████████████
%c█                   %c███████████████
%c███████████████████
%c█████████████████
%c███████████████
%c█████████████
%c███████████
%c█████████
%c███████
%c█████
%c███
%c█%c

We're for the curious, the creators, and the problem solvers
https://workwithus.pinpointhq.com color: #ED9D85 color: #FCB643 color: #ED9D85 color: #FCB643 color: #ED9D85 color: #FCB643 color: #ED9D85 color: #FCB643 color: #ED9D85 color: #FCB643 color: #ED9D85 color: #FCB643 color: #ED9D85 color: #FCB643 color: #ED9D85 color: #FCB643 color: #ED9D85 color: #FCB643 color: #ED9D85 color: #FCB643 color: #F1564E color: #F1564E color: #F1564E color: #F1564E color: #F1564E color: #F1564E color: #F1564E color: #F1564E color: #F1564E color: #F1564E color: inherit @ https://d2n5ied94mazop.cloudfront.net/packs/js/application-dd6e2d35a6c7a5fdee96.js:0
