[     389ms] [ERROR] Error: Minified React error #418; visit https://reactjs.org/docs/error-decoder.html?invariant=418 for the full message or use the non-minified dev environment for full errors and additional helpful warnings.
    at Tf (https://job-boards.cdn.greenhouse.io/assets/vendor-BjjrhH02.js:38:4812)
    at Gm (https://job-boards.cdn.greenhouse.io/assets/vendor-BjjrhH02.js:40:45634)
    at Hm (https://job-boards.cdn.greenhouse.io/assets/vendor-BjjrhH02.js:40:39790)
    at P8 (https://job-boards.cdn.greenhouse.io/assets/vendor-BjjrhH02.js:40:39762)
    at Um (https://job-boards.cdn.greenhouse.io/assets/vendor-BjjrhH02.js:40:34745)
    at S (https://job-boards.cdn.greenhouse.io/assets/vendor-BjjrhH02.js:25:1563)
    at MessagePort.j (https://job-boards.cdn.greenhouse.io/assets/vendor-BjjrhH02.js:25:1925) @ https://job-boards.cdn.greenhouse.io/assets/vendor-BjjrhH02.js:243
[     408ms] [WARNING] React recovered from an error during hydration. Error: Minified React error #425; visit https://reactjs.org/docs/error-decoder.html?invariant=425 for the full message or use the non-minified dev environment for full errors and additional helpful warnings.
    at ml (https://job-boards.cdn.greenhouse.io/assets/vendor-BjjrhH02.js:38:68)
    at S8 (https://job-boards.cdn.greenhouse.io/assets/vendor-BjjrhH02.js:40:16079)
    at zm (https://job-boards.cdn.greenhouse.io/assets/vendor-BjjrhH02.js:40:40098)
    at Hm (https://job-boards.cdn.greenhouse.io/assets/vendor-BjjrhH02.js:40:39851)
    at P8 (https://job-boards.cdn.greenhouse.io/assets/vendor-BjjrhH02.js:40:39762)
    at Um (https://job-boards.cdn.greenhouse.io/assets/vendor-BjjrhH02.js:40:34745)
    at S (https://job-boards.cdn.greenhouse.io/assets/vendor-BjjrhH02.js:25:1563)
    at MessagePort.j (https://job-boards.cdn.greenhouse.io/assets/vendor-BjjrhH02.js:25:1925) @ https://job-boards.cdn.greenhouse.io/assets/vendor-BjjrhH02.js:243
[     408ms] [WARNING] React recovered from an error during hydration. Error: Minified React error #418; visit https://reactjs.org/docs/error-decoder.html?invariant=418 for the full message or use the non-minified dev environment for full errors and additional helpful warnings.
    at Tf (https://job-boards.cdn.greenhouse.io/assets/vendor-BjjrhH02.js:38:4812)
    at Gm (https://job-boards.cdn.greenhouse.io/assets/vendor-BjjrhH02.js:40:45634)
    at Hm (https://job-boards.cdn.greenhouse.io/assets/vendor-BjjrhH02.js:40:39790)
    at P8 (https://job-boards.cdn.greenhouse.io/assets/vendor-BjjrhH02.js:40:39762)
    at Um (https://job-boards.cdn.greenhouse.io/assets/vendor-BjjrhH02.js:40:34745)
    at S (https://job-boards.cdn.greenhouse.io/assets/vendor-BjjrhH02.js:25:1563)
    at MessagePort.j (https://job-boards.cdn.greenhouse.io/assets/vendor-BjjrhH02.js:25:1925) @ https://job-boards.cdn.greenhouse.io/assets/vendor-BjjrhH02.js:243
[     408ms] [WARNING] React recovered from an error during hydration. Error: Minified React error #418; visit https://reactjs.org/docs/error-decoder.html?invariant=418 for the full message or use the non-minified dev environment for full errors and additional helpful warnings.
    at Tf (https://job-boards.cdn.greenhouse.io/assets/vendor-BjjrhH02.js:38:4812)
    at Gm (https://job-boards.cdn.greenhouse.io/assets/vendor-BjjrhH02.js:40:45634)
    at Hm (https://job-boards.cdn.greenhouse.io/assets/vendor-BjjrhH02.js:40:39790)
    at P8 (https://job-boards.cdn.greenhouse.io/assets/vendor-BjjrhH02.js:40:39762)
    at Um (https://job-boards.cdn.greenhouse.io/assets/vendor-BjjrhH02.js:40:34745)
    at S (https://job-boards.cdn.greenhouse.io/assets/vendor-BjjrhH02.js:25:1563)
    at MessagePort.j (https://job-boards.cdn.greenhouse.io/assets/vendor-BjjrhH02.js:25:1925) @ https://job-boards.cdn.greenhouse.io/assets/vendor-BjjrhH02.js:243
[     408ms] [WARNING] React recovered from an error during hydration. Error: Minified React error #418; visit https://reactjs.org/docs/error-decoder.html?invariant=418 for the full message or use the non-minified dev environment for full errors and additional helpful warnings.
    at Tf (https://job-boards.cdn.greenhouse.io/assets/vendor-BjjrhH02.js:38:4812)
    at Gm (https://job-boards.cdn.greenhouse.io/assets/vendor-BjjrhH02.js:40:45634)
    at Hm (https://job-boards.cdn.greenhouse.io/assets/vendor-BjjrhH02.js:40:39790)
    at P8 (https://job-boards.cdn.greenhouse.io/assets/vendor-BjjrhH02.js:40:39762)
    at Um (https://job-boards.cdn.greenhouse.io/assets/vendor-BjjrhH02.js:40:34745)
    at S (https://job-boards.cdn.greenhouse.io/assets/vendor-BjjrhH02.js:25:1563)
    at MessagePort.j (https://job-boards.cdn.greenhouse.io/assets/vendor-BjjrhH02.js:25:1925) @ https://job-boards.cdn.greenhouse.io/assets/vendor-BjjrhH02.js:243
[     408ms] [WARNING] React recovered from an error during hydration. Error: Minified React error #423; visit https://reactjs.org/docs/error-decoder.html?invariant=423 for the full message or use the non-minified dev environment for full errors and additional helpful warnings.
    at Gm (https://job-boards.cdn.greenhouse.io/assets/vendor-BjjrhH02.js:40:45291)
    at Hm (https://job-boards.cdn.greenhouse.io/assets/vendor-BjjrhH02.js:40:39790)
    at T8 (https://job-boards.cdn.greenhouse.io/assets/vendor-BjjrhH02.js:40:39718)
    at ku (https://job-boards.cdn.greenhouse.io/assets/vendor-BjjrhH02.js:40:39570)
    at zf (https://job-boards.cdn.greenhouse.io/assets/vendor-BjjrhH02.js:40:35934)
    at Um (https://job-boards.cdn.greenhouse.io/assets/vendor-BjjrhH02.js:40:34883)
    at S (https://job-boards.cdn.greenhouse.io/assets/vendor-BjjrhH02.js:25:1563)
    at MessagePort.j (https://job-boards.cdn.greenhouse.io/assets/vendor-BjjrhH02.js:25:1925) @ https://job-boards.cdn.greenhouse.io/assets/vendor-BjjrhH02.js:243
[     409ms] [WARNING] A preload for 'https://s4-recruiting.cdn.greenhouse.io/job_board_renderer/custom_fonts/fonts/400/008/800/original/SST-Bold.ttf?1776281300' is found, but is not used because the request credentials mode does not match. Consider taking a look at crossorigin attribute. @ https://job-boards.greenhouse.io/sonyinteractiveentertainmentglobal/jobs/6104600004?_live_review=1789413499216:0
[     631ms] [ERROR] Failed to load resource: the server responded with a status of 401 () @ https://my.greenhouse.io/users/self?job_post_id=6104600004:0
