[     718ms] Error: Minified React error #418; visit https://reactjs.org/docs/error-decoder.html?invariant=418 for the full message or use the non-minified dev environment for full errors and additional helpful warnings.
    at sa (https://www.fullstory.com/framework-edbe1f354e1032e53239.js:2:59957)
    at xi (https://www.fullstory.com/framework-edbe1f354e1032e53239.js:2:132743)
    at bs (https://www.fullstory.com/framework-edbe1f354e1032e53239.js:2:120301)
    at gs (https://www.fullstory.com/framework-edbe1f354e1032e53239.js:2:120229)
    at vs (https://www.fullstory.com/framework-edbe1f354e1032e53239.js:2:120092)
    at ls (https://www.fullstory.com/framework-edbe1f354e1032e53239.js:2:115255)
    at S (https://www.fullstory.com/framework-edbe1f354e1032e53239.js:2:2376)
    at MessagePort.T (https://www.fullstory.com/framework-edbe1f354e1032e53239.js:2:2908)
[     718ms] Error: Minified React error #418; visit https://reactjs.org/docs/error-decoder.html?invariant=418 for the full message or use the non-minified dev environment for full errors and additional helpful warnings.
    at sa (https://www.fullstory.com/framework-edbe1f354e1032e53239.js:2:60077)
    at xi (https://www.fullstory.com/framework-edbe1f354e1032e53239.js:2:132743)
    at bs (https://www.fullstory.com/framework-edbe1f354e1032e53239.js:2:120301)
    at gs (https://www.fullstory.com/framework-edbe1f354e1032e53239.js:2:120229)
    at vs (https://www.fullstory.com/framework-edbe1f354e1032e53239.js:2:120092)
    at ls (https://www.fullstory.com/framework-edbe1f354e1032e53239.js:2:115255)
    at S (https://www.fullstory.com/framework-edbe1f354e1032e53239.js:2:2376)
    at MessagePort.T (https://www.fullstory.com/framework-edbe1f354e1032e53239.js:2:2908)
[     718ms] Error: Minified React error #423; visit https://reactjs.org/docs/error-decoder.html?invariant=423 for the full message or use the non-minified dev environment for full errors and additional helpful warnings.
    at xi (https://www.fullstory.com/framework-edbe1f354e1032e53239.js:2:132429)
    at bs (https://www.fullstory.com/framework-edbe1f354e1032e53239.js:2:120301)
    at gs (https://www.fullstory.com/framework-edbe1f354e1032e53239.js:2:120229)
    at vs (https://www.fullstory.com/framework-edbe1f354e1032e53239.js:2:120092)
    at as (https://www.fullstory.com/framework-edbe1f354e1032e53239.js:2:116927)
    at ls (https://www.fullstory.com/framework-edbe1f354e1032e53239.js:2:115482)
    at S (https://www.fullstory.com/framework-edbe1f354e1032e53239.js:2:2376)
    at MessagePort.T (https://www.fullstory.com/framework-edbe1f354e1032e53239.js:2:2908)
[    1040ms] [LOG] initialized... @ :7
[    1089ms] [LOG] [Noble] Noble script loaded 2.0.8 @ https://tag.thatsnoble.com/widget/prod/widget-tag-v2.js:0
[    1502ms] [LOG] Sending conversion event @ https://buyers.thatsnoble.com/_next/static/chunks/app/(conversion-tracking)/conversion/page-eecfb287ccaa4d25.js:0
[    1503ms] [LOG] Sending conversion event @ https://buyers.thatsnoble.com/_next/static/chunks/app/(conversion-tracking)/conversion/page-eecfb287ccaa4d25.js:0
