[     456ms] [ERROR] Error: Minified React error #418; visit https://reactjs.org/docs/error-decoder.html?invariant=418 for the full message or use the non-minified dev environment for full errors and additional helpful warnings.
    at Tf (https://job-boards.cdn.greenhouse.io/assets/vendor-BjjrhH02.js:38:4812)
    at Gm (https://job-boards.cdn.greenhouse.io/assets/vendor-BjjrhH02.js:40:45634)
    at Hm (https://job-boards.cdn.greenhouse.io/assets/vendor-BjjrhH02.js:40:39790)
    at P8 (https://job-boards.cdn.greenhouse.io/assets/vendor-BjjrhH02.js:40:39762)
    at Um (https://job-boards.cdn.greenhouse.io/assets/vendor-BjjrhH02.js:40:34745)
    at S (https://job-boards.cdn.greenhouse.io/assets/vendor-BjjrhH02.js:25:1563)
    at MessagePort.j (https://job-boards.cdn.greenhouse.io/assets/vendor-BjjrhH02.js:25:1925) @ https://job-boards.cdn.greenhouse.io/assets/vendor-BjjrhH02.js:243
[     470ms] [WARNING] React recovered from an error during hydration. Error: Minified React error #425; visit https://reactjs.org/docs/error-decoder.html?invariant=425 for the full message or use the non-minified dev environment for full errors and additional helpful warnings.
    at ml (https://job-boards.cdn.greenhouse.io/assets/vendor-BjjrhH02.js:38:68)
    at S8 (https://job-boards.cdn.greenhouse.io/assets/vendor-BjjrhH02.js:40:16079)
    at zm (https://job-boards.cdn.greenhouse.io/assets/vendor-BjjrhH02.js:40:40098)
    at Hm (https://job-boards.cdn.greenhouse.io/assets/vendor-BjjrhH02.js:40:39851)
    at P8 (https://job-boards.cdn.greenhouse.io/assets/vendor-BjjrhH02.js:40:39762)
    at Um (https://job-boards.cdn.greenhouse.io/assets/vendor-BjjrhH02.js:40:34745)
    at S (https://job-boards.cdn.greenhouse.io/assets/vendor-BjjrhH02.js:25:1563)
    at MessagePort.j (https://job-boards.cdn.greenhouse.io/assets/vendor-BjjrhH02.js:25:1925) @ https://job-boards.cdn.greenhouse.io/assets/vendor-BjjrhH02.js:243
[     470ms] [WARNING] React recovered from an error during hydration. Error: Minified React error #418; visit https://reactjs.org/docs/error-decoder.html?invariant=418 for the full message or use the non-minified dev environment for full errors and additional helpful warnings.
    at Tf (https://job-boards.cdn.greenhouse.io/assets/vendor-BjjrhH02.js:38:4812)
    at Gm (https://job-boards.cdn.greenhouse.io/assets/vendor-BjjrhH02.js:40:45634)
    at Hm (https://job-boards.cdn.greenhouse.io/assets/vendor-BjjrhH02.js:40:39790)
    at P8 (https://job-boards.cdn.greenhouse.io/assets/vendor-BjjrhH02.js:40:39762)
    at Um (https://job-boards.cdn.greenhouse.io/assets/vendor-BjjrhH02.js:40:34745)
    at S (https://job-boards.cdn.greenhouse.io/assets/vendor-BjjrhH02.js:25:1563)
    at MessagePort.j (https://job-boards.cdn.greenhouse.io/assets/vendor-BjjrhH02.js:25:1925) @ https://job-boards.cdn.greenhouse.io/assets/vendor-BjjrhH02.js:243
[     470ms] [WARNING] React recovered from an error during hydration. Error: Minified React error #418; visit https://reactjs.org/docs/error-decoder.html?invariant=418 for the full message or use the non-minified dev environment for full errors and additional helpful warnings.
    at Tf (https://job-boards.cdn.greenhouse.io/assets/vendor-BjjrhH02.js:38:4812)
    at Gm (https://job-boards.cdn.greenhouse.io/assets/vendor-BjjrhH02.js:40:45634)
    at Hm (https://job-boards.cdn.greenhouse.io/assets/vendor-BjjrhH02.js:40:39790)
    at P8 (https://job-boards.cdn.greenhouse.io/assets/vendor-BjjrhH02.js:40:39762)
    at Um (https://job-boards.cdn.greenhouse.io/assets/vendor-BjjrhH02.js:40:34745)
    at S (https://job-boards.cdn.greenhouse.io/assets/vendor-BjjrhH02.js:25:1563)
    at MessagePort.j (https://job-boards.cdn.greenhouse.io/assets/vendor-BjjrhH02.js:25:1925) @ https://job-boards.cdn.greenhouse.io/assets/vendor-BjjrhH02.js:243
[     470ms] [WARNING] React recovered from an error during hydration. Error: Minified React error #418; visit https://reactjs.org/docs/error-decoder.html?invariant=418 for the full message or use the non-minified dev environment for full errors and additional helpful warnings.
    at Tf (https://job-boards.cdn.greenhouse.io/assets/vendor-BjjrhH02.js:38:4812)
    at Gm (https://job-boards.cdn.greenhouse.io/assets/vendor-BjjrhH02.js:40:45634)
    at Hm (https://job-boards.cdn.greenhouse.io/assets/vendor-BjjrhH02.js:40:39790)
    at P8 (https://job-boards.cdn.greenhouse.io/assets/vendor-BjjrhH02.js:40:39762)
    at Um (https://job-boards.cdn.greenhouse.io/assets/vendor-BjjrhH02.js:40:34745)
    at S (https://job-boards.cdn.greenhouse.io/assets/vendor-BjjrhH02.js:25:1563)
    at MessagePort.j (https://job-boards.cdn.greenhouse.io/assets/vendor-BjjrhH02.js:25:1925) @ https://job-boards.cdn.greenhouse.io/assets/vendor-BjjrhH02.js:243
[     470ms] [WARNING] React recovered from an error during hydration. Error: Minified React error #423; visit https://reactjs.org/docs/error-decoder.html?invariant=423 for the full message or use the non-minified dev environment for full errors and additional helpful warnings.
    at Gm (https://job-boards.cdn.greenhouse.io/assets/vendor-BjjrhH02.js:40:45291)
    at Hm (https://job-boards.cdn.greenhouse.io/assets/vendor-BjjrhH02.js:40:39790)
    at T8 (https://job-boards.cdn.greenhouse.io/assets/vendor-BjjrhH02.js:40:39718)
    at ku (https://job-boards.cdn.greenhouse.io/assets/vendor-BjjrhH02.js:40:39570)
    at zf (https://job-boards.cdn.greenhouse.io/assets/vendor-BjjrhH02.js:40:35934)
    at Um (https://job-boards.cdn.greenhouse.io/assets/vendor-BjjrhH02.js:40:34883)
    at S (https://job-boards.cdn.greenhouse.io/assets/vendor-BjjrhH02.js:25:1563)
    at MessagePort.j (https://job-boards.cdn.greenhouse.io/assets/vendor-BjjrhH02.js:25:1925) @ https://job-boards.cdn.greenhouse.io/assets/vendor-BjjrhH02.js:243
[     471ms] [WARNING] A preload for 'https://s9-recruiting.cdn.greenhouse.io/job_board_renderer/custom_fonts/fonts/400/022/500/original/ABCGintoNord-Medium.otf?1769449608' is found, but is not used because the request credentials mode does not match. Consider taking a look at crossorigin attribute. @ https://job-boards.greenhouse.io/attentive/jobs/4324314009?_live_review=1789421800146:0
[     471ms] [WARNING] A preload for 'https://s9-recruiting.cdn.greenhouse.io/job_board_renderer/custom_fonts/fonts/400/022/700/original/MaisonNeue-Book.otf?1769449663' is found, but is not used because the request credentials mode does not match. Consider taking a look at crossorigin attribute. @ https://job-boards.greenhouse.io/attentive/jobs/4324314009?_live_review=1789421800146:0
[     606ms] [ERROR] Failed to load resource: the server responded with a status of 401 () @ https://my.greenhouse.io/users/self?job_post_id=4324314009:0
