[     396ms] [ERROR] Failed to load resource: the server responded with a status of 999 () @ https://www.linkedin.com/in/mathewbradleystevens:0
[     705ms] [VERBOSE] [DOM] Input elements should have autocomplete attributes (suggested: "username"): (More info: https://goo.gl/9p2vKq) %o @ https://www.linkedin.com/authwall?trk=bf&trkInfo=AQEBZAA9eACUUwAAAaCfy9HQ9lVPZEHEgiu7eZUNiFklpRZQ3KA7IV1G0GhSlaicXZmPcVi0YBDiOCzsfOSWbdHAwg2L7KaEaT-Fg8PBrtvzRBdlGjWI5cFntfuT4I6kuUJO4zA=&original_referer=&sessionRedirect=https%3A%2F%2Fwww.linkedin.com%2Fin%2Fmathewbradleystevens:0
[    2905ms] [WARNING] Element with id: dust-var-locale not found @ https://static.licdn.com/aero-v1/sc/h/5pb1ojg869mw5g0pl1d8cta0f:1
[    2970ms] [WARNING] WARNING: Too many active WebGL contexts. Oldest context will be lost. @ https://static.licdn.com/aero-v1/sc/h/7odnbqr43oxa04pdcbc8q1lhv:0
[    2976ms] [WARNING] WARNING: Too many active WebGL contexts. Oldest context will be lost. @ https://static.licdn.com/aero-v1/sc/h/7odnbqr43oxa04pdcbc8q1lhv:0
[    3002ms] [WARNING] WARNING: Too many active WebGL contexts. Oldest context will be lost. @ https://static.licdn.com/aero-v1/sc/h/80ndnja80f2uvg4l8sj2su82m:0
[    3013ms] [WARNING] [GSI_LOGGER]: Your client application may not display the Google One Tap in its default position. When FedCM becomes mandatory, One Tap only displays in the default position. Refer to the migration guide to update your code accordingly and opt-in to FedCM to test your changes. Learn more: https://developers.google.com/identity/gsi/web/guides/fedcm-migration?s=dc#layout @ https://static.licdn.com/aero-v1/sc/h/29rdkxlvag0d3cpj96fiilbju:168
[    3014ms] [WARNING] [GSI_LOGGER]: Your client application uses one of the Google One Tap prompt UI status methods that may stop functioning when FedCM becomes mandatory. Refer to the migration guide to update your code accordingly and opt-in to FedCM to test your changes. Learn more: https://developers.google.com/identity/gsi/web/guides/fedcm-migration?s=dc#display_moment and https://developers.google.com/identity/gsi/web/guides/fedcm-migration?s=dc#skipped_moment @ https://static.licdn.com/aero-v1/sc/h/29rdkxlvag0d3cpj96fiilbju:168
[    3014ms] [WARNING] [GSI_LOGGER]: Currently, you disable FedCM on Google One Tap. FedCM for One Tap will become mandatory starting Oct 2024, and you won’t be able to disable it. Refer to the migration guide to update your code accordingly to ensure users will not be blocked from logging in. Learn more: https://developers.google.com/identity/gsi/web/guides/fedcm-migration @ https://static.licdn.com/aero-v1/sc/h/29rdkxlvag0d3cpj96fiilbju:168
[    3016ms] [WARNING] [GSI_LOGGER]: Currently, you disable FedCM on Google One Tap. FedCM for One Tap will become mandatory starting Oct 2024, and you won’t be able to disable it. Refer to the migration guide to update your code accordingly to ensure users will not be blocked from logging in. Learn more: https://developers.google.com/identity/gsi/web/guides/fedcm-migration @ https://static.licdn.com/aero-v1/sc/h/29rdkxlvag0d3cpj96fiilbju:168
[  216552ms] [ERROR] Failed to load resource: the server responded with a status of 520 () @ https://www.linkedin.com/li/track:0
[  278388ms] [ERROR] Failed to load resource: the server responded with a status of 520 () @ https://www.linkedin.com/li/track:0
[  362449ms] [ERROR] Failed to load resource: the server responded with a status of 502 () @ https://www.linkedin.com/li/track:0
[  400631ms] [ERROR] Failed to load resource: the server responded with a status of 520 () @ https://www.linkedin.com/li/track:0
[  482845ms] [ERROR] Failed to load resource: the server responded with a status of 520 () @ https://www.linkedin.com/li/track:0
[ 1026767ms] [ERROR] Failed to load resource: the server responded with a status of 520 () @ https://www.linkedin.com/li/track:0
[ 1666544ms] [ERROR] Failed to load resource: the server responded with a status of 520 () @ https://www.linkedin.com/li/track:0
[ 3886561ms] [ERROR] Failed to load resource: the server responded with a status of 520 () @ https://www.linkedin.com/li/track:0
[ 3976676ms] [ERROR] Failed to load resource: the server responded with a status of 520 () @ https://www.linkedin.com/li/track:0
[ 5024721ms] [ERROR] Failed to load resource: the server responded with a status of 520 () @ https://www.linkedin.com/li/track:0
[ 5796315ms] [ERROR] Failed to load resource: the server responded with a status of 520 () @ https://www.linkedin.com/li/track:0
[ 5940331ms] [ERROR] Failed to load resource: the server responded with a status of 520 () @ https://www.linkedin.com/li/track:0
[ 6092876ms] [ERROR] Failed to load resource: the server responded with a status of 520 () @ https://www.linkedin.com/li/track:0
[ 6235466ms] [ERROR] Failed to load resource: the server responded with a status of 502 () @ https://www.linkedin.com/li/track:0
[ 6718726ms] [ERROR] Failed to load resource: the server responded with a status of 520 () @ https://www.linkedin.com/li/track:0
[ 7014926ms] [ERROR] Failed to load resource: the server responded with a status of 520 () @ https://www.linkedin.com/li/track:0
[ 7120407ms] [ERROR] Failed to load resource: the server responded with a status of 520 () @ https://www.linkedin.com/li/track:0
