[    1234ms] [LOG] [env check] VITE_API_BASE_URL = https://api.solpulse.trade @ https://solpulse.trade/assets/main-_i6vfeq4.js:1943
[    1234ms] [LOG] [env check] VITE_WS_BASE_URL = wss://solpulse-bot-backend.onrender.com/ws/logs @ https://solpulse.trade/assets/main-_i6vfeq4.js:1943
[    1234ms] [LOG] [env check] VITE_WS_PATH = undefined @ https://solpulse.trade/assets/main-_i6vfeq4.js:1943
[    1238ms] [LOG] [PrivyProvider] native: false appId: cmmrn9c1j00h @ https://solpulse.trade/assets/main-_i6vfeq4.js:1943
[    1241ms] [LOG] [CHERRY] gate.decision {"visible":true,"reason":"render_flag","ios":false,"dev":false,"renderFlag":true,"deviceId":"e8e88c35-007e-4e1e-8b0a-50e0fc0ad23e","allowDevices":[],"deviceAllowed":false} @ https://solpulse.trade/assets/main-_i6vfeq4.js:1943
[    1246ms] [LOG] [WALLET][PLATFORM] androidNativeWallet=false android=false native=false platform=web userAgent=Mozilla/5.0 (Macintosh; Intel Mac OS X 10_15_7) AppleWebKit/537.36 (KHTML, like  @ https://solpulse.trade/assets/main-_i6vfeq4.js:1943
[    1246ms] [LOG] [WALLET][MODAL] RENDER branch= web-desktop | androidWallet= false | selectedWalletPkg= null | showWalletSelector= false | isSolanaMobile= undefined | walletList= null | deviceInfo= null @ https://solpulse.trade/assets/main-_i6vfeq4.js:1943
[    1247ms] [LOG] 🧩 WalletOnboardModal render: {open: false, initialStep: 0, initialPubkey: undefined} @ https://solpulse.trade/assets/main-_i6vfeq4.js:1943
[    1267ms] [LOG] 🧩 WalletOnboardModal useEffect: {open: false, initialStep: 0, initialPubkey: undefined} @ https://solpulse.trade/assets/main-_i6vfeq4.js:1943
[    1268ms] [LOG] [PRIVY-BOOT] LandingPage | privyAuthenticated= false | loading= true @ https://solpulse.trade/assets/main-_i6vfeq4.js:1943
[    1268ms] [LOG] [PRIVY-DEBUG] oauthState changed: initial {status: initial} @ https://solpulse.trade/assets/main-_i6vfeq4.js:1943
[    1268ms] [LOG] [CHERRY] signin.mounted {"androidMwa":false} @ https://solpulse.trade/assets/main-_i6vfeq4.js:1943
[    1269ms] [LOG] [CHERRY] signin.web.wallets {"installed":[],"all":[{"name":"Phantom","packageName":"phantom","storeUrl":"https://phantom.app/download","installed":false},{"name":"Backpack","packageName":"backpack","storeUrl":"https://chromewebstore.google.com/detail/backpack/aflkmfhebedbjioipglgcbcmnbpgliof","installed":false},{"name":"Solflare","packageName":"solflare","storeUrl":"https://chromewebstore.google.com/detail/solflare-wallet/bhhhlbepdkbapadjdnnojkbgioiodbic","installed":false},{"name":"Jupiter","packageName":"jupiter","storeUrl":"https://chromewebstore.google.com/detail/jupiter-wallet/iledlaeogohbilgbfhmbgkgmpplbfboh","installed":false}]} @ https://solpulse.trade/assets/main-_i6vfeq4.js:1943
[    1269ms] [LOG] [CHERRY] mount.gate {"signedIn":false,"isOpen":false,"cherrySignedOut":false,"openedOnce":false,"retryNonce":0,"userId":null} @ https://solpulse.trade/assets/main-_i6vfeq4.js:1943
[    1272ms] [LOG] [WALLET][MODAL] RENDER branch= web-desktop | androidWallet= false | selectedWalletPkg= null | showWalletSelector= false | isSolanaMobile= undefined | walletList= null | deviceInfo= null @ https://solpulse.trade/assets/main-_i6vfeq4.js:1943
[    1272ms] [LOG] 🧩 WalletOnboardModal render: {open: false, initialStep: 0, initialPubkey: undefined} @ https://solpulse.trade/assets/main-_i6vfeq4.js:1943
[    1371ms] [LOG] [CHERRY] device id = e8e88c35-007e-4e1e-8b0a-50e0fc0ad23e — add to MOBILE_CONFIG_CHERRY_ALLOW_DEVICES in Render to preview Cherry chat on this device while it's hidden in production @ https://solpulse.trade/assets/main-_i6vfeq4.js:1943
[    1515ms] [ERROR] Failed to load resource: the server responded with a status of 401 () @ https://api.solpulse.trade/api/prefs:0
[    1568ms] [LOG] [WALLET][MODAL] RENDER branch= web-desktop | androidWallet= false | selectedWalletPkg= null | showWalletSelector= false | isSolanaMobile= undefined | walletList= null | deviceInfo= null @ https://solpulse.trade/assets/main-_i6vfeq4.js:1943
[    1568ms] [LOG] 🧩 WalletOnboardModal render: {open: false, initialStep: 0, initialPubkey: undefined} @ https://solpulse.trade/assets/main-_i6vfeq4.js:1943
[    1569ms] [LOG] [CHERRY] signin.web.wallets {"installed":[],"all":[{"name":"Phantom","packageName":"phantom","storeUrl":"https://phantom.app/download","installed":false},{"name":"Backpack","packageName":"backpack","storeUrl":"https://chromewebstore.google.com/detail/backpack/aflkmfhebedbjioipglgcbcmnbpgliof","installed":false},{"name":"Solflare","packageName":"solflare","storeUrl":"https://chromewebstore.google.com/detail/solflare-wallet/bhhhlbepdkbapadjdnnojkbgioiodbic","installed":false},{"name":"Jupiter","packageName":"jupiter","storeUrl":"https://chromewebstore.google.com/detail/jupiter-wallet/iledlaeogohbilgbfhmbgkgmpplbfboh","installed":false}]} @ https://solpulse.trade/assets/main-_i6vfeq4.js:1943
[    1705ms] [WARNING] App configuration has Solana wallet login enabled, but no Solana wallet connectors have been passed to Privy. Make sure to pass Solana connectors to the `config.externalWallets.solana.connectors` field of the `PrivyProvider` @ https://solpulse.trade/assets/main-_i6vfeq4.js:1943
[    1706ms] [LOG] [WALLET][MODAL] RENDER branch= web-desktop | androidWallet= false | selectedWalletPkg= null | showWalletSelector= false | isSolanaMobile= undefined | walletList= null | deviceInfo= null @ https://solpulse.trade/assets/main-_i6vfeq4.js:1943
[    1706ms] [LOG] 🧩 WalletOnboardModal render: {open: false, initialStep: 0, initialPubkey: undefined} @ https://solpulse.trade/assets/main-_i6vfeq4.js:1943
[    1713ms] [LOG] [WALLET][MODAL] RENDER branch= web-desktop | androidWallet= false | selectedWalletPkg= null | showWalletSelector= false | isSolanaMobile= undefined | walletList= null | deviceInfo= null @ https://solpulse.trade/assets/main-_i6vfeq4.js:1943
[    1713ms] [LOG] 🧩 WalletOnboardModal render: {open: false, initialStep: 0, initialPubkey: undefined} @ https://solpulse.trade/assets/main-_i6vfeq4.js:1943
[    1721ms] [LOG] [WALLET][MODAL] RENDER branch= web-desktop | androidWallet= false | selectedWalletPkg= null | showWalletSelector= false | isSolanaMobile= undefined | walletList= null | deviceInfo= null @ https://solpulse.trade/assets/main-_i6vfeq4.js:1943
[    1721ms] [LOG] 🧩 WalletOnboardModal render: {open: false, initialStep: 0, initialPubkey: undefined} @ https://solpulse.trade/assets/main-_i6vfeq4.js:1943
[    1723ms] [LOG] [PRIVY-BOOT] LandingPage | privyAuthenticated= false | loading= false @ https://solpulse.trade/assets/main-_i6vfeq4.js:1943
[    1723ms] [LOG] [LANDING-DEBUG] guard check: hasUser: true onboarding: false id: e3efd084-3427-4f44-9735-fae13320554f user?.id: undefined modalOpen: false privyAuth: false oauthParams: false @ https://solpulse.trade/assets/main-_i6vfeq4.js:1943
[    1723ms] [LOG] [LANDING-DEBUG] >>> NAVIGATING TO app landing route — this kills the modal! @ https://solpulse.trade/assets/main-_i6vfeq4.js:1943
[    1723ms] [LOG] [DIAG:SSE] userId now available → forcing SSE reconnect: e3efd084-3427-4f44-9735-fae13320554f @ https://solpulse.trade/assets/main-_i6vfeq4.js:1943
[    1724ms] [INFO] [orders-bridge] listening on logs:message @ https://solpulse.trade/assets/main-_i6vfeq4.js:1943
[    1952ms] [LOG] [WALLET][MODAL] RENDER branch= web-desktop | androidWallet= false | selectedWalletPkg= null | showWalletSelector= false | isSolanaMobile= undefined | walletList= null | deviceInfo= null @ https://solpulse.trade/assets/main-_i6vfeq4.js:1943
[    1952ms] [LOG] 🧩 WalletOnboardModal render: {open: false, initialStep: 0, initialPubkey: undefined} @ https://solpulse.trade/assets/main-_i6vfeq4.js:1943
[    1995ms] [LOG] [useNewPairs] fetching: https://api.solpulse.trade/api/new-pairs @ https://solpulse.trade/assets/main-_i6vfeq4.js:1943
[    2165ms] [LOG] [useNewPairs] response status: 200 ok: true @ https://solpulse.trade/assets/main-_i6vfeq4.js:1943
[    2167ms] [LOG] %cWarning! color:#F16552; font-size:50px; font-weight: bold; -webkit-text-stroke: 1px black; @ https://auth.privy.io/_next/static/chunks/pages/apps/%5Bapp_id%5D/embedded-wallets-082bda11dcd05e25.js?dpl=dpl_Hov5emu55uHA5a6afkY3cjiG3Ajy:0
[    2167ms] [LOG] %cYou are reading this message because you opened the browser console, a developer tool. Do not enter or paste code you do not understand. Never share your tokens or any other info with anyone. If someone told you to do this, it is very likely a scam. font-size: 18px; @ https://auth.privy.io/_next/static/chunks/pages/apps/%5Bapp_id%5D/embedded-wallets-082bda11dcd05e25.js?dpl=dpl_Hov5emu55uHA5a6afkY3cjiG3Ajy:0
[    2190ms] [LOG] [useNewPairs] parsed pairs: 500 ok: true @ https://solpulse.trade/assets/main-_i6vfeq4.js:1943
