[     262ms] [ERROR] The source list for the Content Security Policy directive 'connect-src' contains an invalid source: 'http://[::1]:*'. It will be ignored. @ https://agentic-signer.com/?_live_review=1789420551609:0
[     835ms] [LOG] [cloud-signin-diag] {"ts":"2026-09-14T21:15:52.431Z","event":"app-bootstrap","walletId":"","path":"/"} @ https://agentic-signer.com/assets/index-Dhm0RP5z.js:10355
[     835ms] [INFO] [AgentMWA] register | SKIP reason=unsupported_environment android=false chrome=true ios=false safari=false @ https://agentic-signer.com/assets/mobile-wallet-adapter-DXLjUTIB.js:0
[     896ms] [ERROR] Failed to load resource: the server responded with a status of 401 () @ https://agentic-signer.com/api/connector-secrets:0
[    1303ms] [LOG] [env check] VITE_API_BASE_URL = https://api.solpulse.trade @ https://solpulse.trade/assets/main-_i6vfeq4.js:1943
[    1303ms] [LOG] [env check] VITE_WS_BASE_URL = wss://solpulse-bot-backend.onrender.com/ws/logs @ https://solpulse.trade/assets/main-_i6vfeq4.js:1943
[    1303ms] [LOG] [env check] VITE_WS_PATH = undefined @ https://solpulse.trade/assets/main-_i6vfeq4.js:1943
[    1307ms] [LOG] [PrivyProvider] native: false appId: cmmrn9c1j00h @ https://solpulse.trade/assets/main-_i6vfeq4.js:1943
[    1310ms] [LOG] [CHERRY] gate.decision {"visible":true,"reason":"render_flag","ios":false,"dev":false,"renderFlag":true,"deviceId":"e8e88c35-007e-4e1e-8b0a-50e0fc0ad23e","allowDevices":[],"deviceAllowed":false} @ https://solpulse.trade/assets/main-_i6vfeq4.js:1943
[    1315ms] [LOG] [WALLET][PLATFORM] androidNativeWallet=false android=false native=false platform=web userAgent=Mozilla/5.0 (Macintosh; Intel Mac OS X 10_15_7) AppleWebKit/537.36 (KHTML, like  @ https://solpulse.trade/assets/main-_i6vfeq4.js:1943
[    1315ms] [LOG] [WALLET][MODAL] RENDER branch= web-desktop | androidWallet= false | selectedWalletPkg= null | showWalletSelector= false | isSolanaMobile= undefined | walletList= null | deviceInfo= null @ https://solpulse.trade/assets/main-_i6vfeq4.js:1943
[    1316ms] [LOG] 🧩 WalletOnboardModal render: {open: false, initialStep: 0, initialPubkey: undefined} @ https://solpulse.trade/assets/main-_i6vfeq4.js:1943
[    1333ms] [LOG] 🧩 WalletOnboardModal useEffect: {open: false, initialStep: 0, initialPubkey: undefined} @ https://solpulse.trade/assets/main-_i6vfeq4.js:1943
[    1333ms] [LOG] [PRIVY-BOOT] LandingPage | privyAuthenticated= false | loading= true @ https://solpulse.trade/assets/main-_i6vfeq4.js:1943
[    1334ms] [LOG] [PRIVY-DEBUG] oauthState changed: initial {status: initial} @ https://solpulse.trade/assets/main-_i6vfeq4.js:1943
[    1334ms] [LOG] [CHERRY] signin.mounted {"androidMwa":false} @ https://solpulse.trade/assets/main-_i6vfeq4.js:1943
[    1334ms] [LOG] [CHERRY] signin.web.wallets {"installed":[],"all":[{"name":"Phantom","packageName":"phantom","storeUrl":"https://phantom.app/download","installed":false},{"name":"Backpack","packageName":"backpack","storeUrl":"https://chromewebstore.google.com/detail/backpack/aflkmfhebedbjioipglgcbcmnbpgliof","installed":false},{"name":"Solflare","packageName":"solflare","storeUrl":"https://chromewebstore.google.com/detail/solflare-wallet/bhhhlbepdkbapadjdnnojkbgioiodbic","installed":false},{"name":"Jupiter","packageName":"jupiter","storeUrl":"https://chromewebstore.google.com/detail/jupiter-wallet/iledlaeogohbilgbfhmbgkgmpplbfboh","installed":false}]} @ https://solpulse.trade/assets/main-_i6vfeq4.js:1943
[    1335ms] [LOG] [CHERRY] mount.gate {"signedIn":false,"isOpen":false,"cherrySignedOut":false,"openedOnce":false,"retryNonce":0,"userId":null} @ https://solpulse.trade/assets/main-_i6vfeq4.js:1943
[    1337ms] [LOG] [WALLET][MODAL] RENDER branch= web-desktop | androidWallet= false | selectedWalletPkg= null | showWalletSelector= false | isSolanaMobile= undefined | walletList= null | deviceInfo= null @ https://solpulse.trade/assets/main-_i6vfeq4.js:1943
[    1337ms] [LOG] 🧩 WalletOnboardModal render: {open: false, initialStep: 0, initialPubkey: undefined} @ https://solpulse.trade/assets/main-_i6vfeq4.js:1943
[    1479ms] [LOG] [CHERRY] device id = e8e88c35-007e-4e1e-8b0a-50e0fc0ad23e — add to MOBILE_CONFIG_CHERRY_ALLOW_DEVICES in Render to preview Cherry chat on this device while it's hidden in production @ https://solpulse.trade/assets/main-_i6vfeq4.js:1943
[    1547ms] [LOG] [WALLET][MODAL] RENDER branch= web-desktop | androidWallet= false | selectedWalletPkg= null | showWalletSelector= false | isSolanaMobile= undefined | walletList= null | deviceInfo= null @ https://solpulse.trade/assets/main-_i6vfeq4.js:1943
[    1548ms] [LOG] 🧩 WalletOnboardModal render: {open: false, initialStep: 0, initialPubkey: undefined} @ https://solpulse.trade/assets/main-_i6vfeq4.js:1943
[    1572ms] [ERROR] Failed to load resource: the server responded with a status of 401 () @ https://api.solpulse.trade/api/prefs:0
[    1636ms] [LOG] [CHERRY] signin.web.wallets {"installed":[],"all":[{"name":"Phantom","packageName":"phantom","storeUrl":"https://phantom.app/download","installed":false},{"name":"Backpack","packageName":"backpack","storeUrl":"https://chromewebstore.google.com/detail/backpack/aflkmfhebedbjioipglgcbcmnbpgliof","installed":false},{"name":"Solflare","packageName":"solflare","storeUrl":"https://chromewebstore.google.com/detail/solflare-wallet/bhhhlbepdkbapadjdnnojkbgioiodbic","installed":false},{"name":"Jupiter","packageName":"jupiter","storeUrl":"https://chromewebstore.google.com/detail/jupiter-wallet/iledlaeogohbilgbfhmbgkgmpplbfboh","installed":false}]} @ https://solpulse.trade/assets/main-_i6vfeq4.js:1943
[    1674ms] [WARNING] App configuration has Solana wallet login enabled, but no Solana wallet connectors have been passed to Privy. Make sure to pass Solana connectors to the `config.externalWallets.solana.connectors` field of the `PrivyProvider` @ https://solpulse.trade/assets/main-_i6vfeq4.js:1943
[    1674ms] [LOG] [WALLET][MODAL] RENDER branch= web-desktop | androidWallet= false | selectedWalletPkg= null | showWalletSelector= false | isSolanaMobile= undefined | walletList= null | deviceInfo= null @ https://solpulse.trade/assets/main-_i6vfeq4.js:1943
[    1674ms] [LOG] 🧩 WalletOnboardModal render: {open: false, initialStep: 0, initialPubkey: undefined} @ https://solpulse.trade/assets/main-_i6vfeq4.js:1943
[    1681ms] [LOG] [WALLET][MODAL] RENDER branch= web-desktop | androidWallet= false | selectedWalletPkg= null | showWalletSelector= false | isSolanaMobile= undefined | walletList= null | deviceInfo= null @ https://solpulse.trade/assets/main-_i6vfeq4.js:1943
[    1681ms] [LOG] 🧩 WalletOnboardModal render: {open: false, initialStep: 0, initialPubkey: undefined} @ https://solpulse.trade/assets/main-_i6vfeq4.js:1943
[    1801ms] [LOG] [WALLET][MODAL] RENDER branch= web-desktop | androidWallet= false | selectedWalletPkg= null | showWalletSelector= false | isSolanaMobile= undefined | walletList= null | deviceInfo= null @ https://solpulse.trade/assets/main-_i6vfeq4.js:1943
[    1801ms] [LOG] 🧩 WalletOnboardModal render: {open: false, initialStep: 0, initialPubkey: undefined} @ https://solpulse.trade/assets/main-_i6vfeq4.js:1943
[    1803ms] [LOG] [PRIVY-BOOT] LandingPage | privyAuthenticated= false | loading= false @ https://solpulse.trade/assets/main-_i6vfeq4.js:1943
[    1803ms] [LOG] [LANDING-DEBUG] guard check: hasUser: true onboarding: false id: e3efd084-3427-4f44-9735-fae13320554f user?.id: undefined modalOpen: false privyAuth: false oauthParams: false @ https://solpulse.trade/assets/main-_i6vfeq4.js:1943
[    1803ms] [LOG] [LANDING-DEBUG] >>> NAVIGATING TO app landing route — this kills the modal! @ https://solpulse.trade/assets/main-_i6vfeq4.js:1943
[    1803ms] [LOG] [DIAG:SSE] userId now available → forcing SSE reconnect: e3efd084-3427-4f44-9735-fae13320554f @ https://solpulse.trade/assets/main-_i6vfeq4.js:1943
[    1805ms] [INFO] [orders-bridge] listening on logs:message @ https://solpulse.trade/assets/main-_i6vfeq4.js:1943
[    1905ms] [LOG] [WALLET][MODAL] RENDER branch= web-desktop | androidWallet= false | selectedWalletPkg= null | showWalletSelector= false | isSolanaMobile= undefined | walletList= null | deviceInfo= null @ https://solpulse.trade/assets/main-_i6vfeq4.js:1943
[    1906ms] [LOG] 🧩 WalletOnboardModal render: {open: false, initialStep: 0, initialPubkey: undefined} @ https://solpulse.trade/assets/main-_i6vfeq4.js:1943
[    2104ms] [LOG] [useNewPairs] fetching: https://api.solpulse.trade/api/new-pairs @ https://solpulse.trade/assets/main-_i6vfeq4.js:1943
[    2181ms] [LOG] %cWarning! color:#F16552; font-size:50px; font-weight: bold; -webkit-text-stroke: 1px black; @ https://auth.privy.io/_next/static/chunks/pages/apps/%5Bapp_id%5D/embedded-wallets-84b8d51bf1f62e69.js?dpl=dpl_BJZjAXqYiYvnehg4CE6cM1AiQ6ua:0
[    2181ms] [LOG] %cYou are reading this message because you opened the browser console, a developer tool. Do not enter or paste code you do not understand. Never share your tokens or any other info with anyone. If someone told you to do this, it is very likely a scam. font-size: 18px; @ https://auth.privy.io/_next/static/chunks/pages/apps/%5Bapp_id%5D/embedded-wallets-84b8d51bf1f62e69.js?dpl=dpl_BJZjAXqYiYvnehg4CE6cM1AiQ6ua:0
[    2202ms] [LOG] [useNewPairs] response status: 200 ok: true @ https://solpulse.trade/assets/main-_i6vfeq4.js:1943
[    2225ms] [LOG] [useNewPairs] parsed pairs: 500 ok: true @ https://solpulse.trade/assets/main-_i6vfeq4.js:1943
